---
source: einstellung/src/tests.rs
expression: "print_res(res, false)"
---
error:
configuration source inline json: JSON Parse Error: data error at line 1, column 17
Source {
    source: ConfigSource {
        label: "inline json",
    },
    error: Json(
        JsonError(
            "data error at line 1, column 17",
        ),
    ),
}
