---
source: einstellung/src/tests.rs
expression: print_res(res)
---
error:
Validation failed for field 'ListenConfig::network::listen::address': Address must not be a multicast address
Validation {
    field: FieldPath {
        base_type: "ListenConfig",
        field: "address",
        path: [
            "listen",
            "network",
        ],
    },
    reason: "Address must not be a multicast address",
}
