---
source: einstellung/src/tests.rs
expression: print_res(res)
---
error:
Missing required configuration field: 'ListenConfig::network::listen::address'
MissingField(
    FieldPath {
        base_type: "ListenConfig",
        field: "address",
        path: [
            "listen",
            "network",
        ],
    },
)
