---
source: einstellung_derive/src/test.rs
expression: formatted
---
/// --- helper ---
fn validate_system_port(_: &u16) -> Result<(), Box<dyn std::error::Error>> {
    Ok(())
}

// ---------------------------------

/// --- input ---
#[derive(Config)]
struct FullSystemConfig {
    #[config(serde(rename = "sys_name"))]
    #[config(default = ||"production".to_string())]
    name: String,
    #[config(validate = "validate_system_port")]
    port: u16,
    #[config(subconfig)]
    database: DatabaseConfig,
    #[config(merge = "extend")]
    #[config(serde(alias = "files"))]
    log_files: Vec<String>,
    #[config(merge = "extend")]
    users: std::collections::HashSet<String>,
    #[config(subconfig)]
    optional_cache: Option<CacheConfig>,
}

/// --- output ---
#[derive(::core::default::Default, ::einstellung::serde::Deserialize)]
#[serde(crate = "::einstellung::serde")]
struct FullSystemConfigPartial {
    #[serde(rename = "sys_name")]
    name: Option<String>,
    port: Option<u16>,
    database: Option<<DatabaseConfig as ::einstellung::Config>::Partial>,
    #[serde(default)]
    #[serde(alias = "files")]
    log_files: Option<Vec<String>>,
    #[serde(default)]
    users: Option<std::collections::HashSet<String>>,
    optional_cache: Option<<CacheConfig as ::einstellung::Config>::Partial>,
}
#[automatically_derived]
impl ::einstellung::PartialConfig for FullSystemConfigPartial {
    type Complete = FullSystemConfig;
    fn merge(
        self,
        next: Self,
    ) -> ::core::result::Result<Self, ::einstellung::ConfigError> {
        ::core::result::Result::Ok(Self {
            name: next.name.or(self.name),
            port: next.port.or(self.port),
            database: match (self.database, next.database) {
                (Some(a), Some(b)) => Some(::einstellung::PartialConfig::merge(a, b)?),
                (a, b) => a.or(b),
            },
            log_files: match (self.log_files, next.log_files) {
                (Some(mut a), Some(b)) => {
                    ::core::iter::Extend::extend(&mut a, b);
                    Some(a)
                }
                (a, b) => a.or(b),
            },
            users: match (self.users, next.users) {
                (Some(mut a), Some(b)) => {
                    ::core::iter::Extend::extend(&mut a, b);
                    Some(a)
                }
                (a, b) => a.or(b),
            },
            optional_cache: match (self.optional_cache, next.optional_cache) {
                (Some(a), Some(b)) => Some(::einstellung::PartialConfig::merge(a, b)?),
                (a, b) => a.or(b),
            },
        })
    }
    fn build(
        self,
    ) -> ::core::result::Result<Self::Complete, ::einstellung::ConfigError> {
        let name = self.name.unwrap_or_else(|| "production".to_string());
        let port: u16 = self
            .port
            .ok_or(
                ::einstellung::ConfigError::MissingField(
                    ::einstellung::FieldPath::new("FullSystemConfig", "port"),
                ),
            )?;
        let _: ::einstellung::ValidationFunction<u16, _> = validate_system_port;
        if let Err(e) = (validate_system_port)(&port) {
            return Err(::einstellung::ConfigError::Validation {
                field: ::einstellung::FieldPath::new("FullSystemConfig", "port"),
                #[allow(clippy::useless_conversion)]
                reason: e.into(),
            });
        }
        let database = ::einstellung::build_with_context(
            self.database.unwrap_or_default(),
            "FullSystemConfig",
            "database",
        )?;
        let log_files = self
            .log_files
            .ok_or(
                ::einstellung::ConfigError::MissingField(
                    ::einstellung::FieldPath::new("FullSystemConfig", "log_files"),
                ),
            )?;
        let users = self
            .users
            .ok_or(
                ::einstellung::ConfigError::MissingField(
                    ::einstellung::FieldPath::new("FullSystemConfig", "users"),
                ),
            )?;
        let optional_cache = self
            .optional_cache
            .map(|x| ::einstellung::build_with_context(
                x,
                "FullSystemConfig",
                "optional_cache",
            ))
            .transpose()?;
        ::core::result::Result::Ok(FullSystemConfig {
            name,
            port,
            database,
            log_files,
            users,
            optional_cache,
        })
    }
}
#[automatically_derived]
impl ::einstellung::Config for FullSystemConfig {
    type Partial = FullSystemConfigPartial;
}

// ---------------------------------

/// --- input ---
#[derive(Config)]
struct DatabaseConfig {
    url: String,
    #[config(default = 5432)]
    port: u16,
}

/// --- output ---
#[derive(::core::default::Default, ::einstellung::serde::Deserialize)]
#[serde(crate = "::einstellung::serde")]
struct DatabaseConfigPartial {
    url: Option<String>,
    port: Option<u16>,
}
#[automatically_derived]
impl ::einstellung::PartialConfig for DatabaseConfigPartial {
    type Complete = DatabaseConfig;
    fn merge(
        self,
        next: Self,
    ) -> ::core::result::Result<Self, ::einstellung::ConfigError> {
        ::core::result::Result::Ok(Self {
            url: next.url.or(self.url),
            port: next.port.or(self.port),
        })
    }
    fn build(
        self,
    ) -> ::core::result::Result<Self::Complete, ::einstellung::ConfigError> {
        let url = self
            .url
            .ok_or(
                ::einstellung::ConfigError::MissingField(
                    ::einstellung::FieldPath::new("DatabaseConfig", "url"),
                ),
            )?;
        let port = self.port.unwrap_or(5432);
        ::core::result::Result::Ok(DatabaseConfig { url, port })
    }
}
#[automatically_derived]
impl ::einstellung::Config for DatabaseConfig {
    type Partial = DatabaseConfigPartial;
}

// ---------------------------------

/// --- input ---
#[derive(Config)]
struct CacheConfig {
    #[config(default = 1024)]
    size_mb: u32,
}

/// --- output ---
#[derive(::core::default::Default, ::einstellung::serde::Deserialize)]
#[serde(crate = "::einstellung::serde")]
struct CacheConfigPartial {
    size_mb: Option<u32>,
}
#[automatically_derived]
impl ::einstellung::PartialConfig for CacheConfigPartial {
    type Complete = CacheConfig;
    fn merge(
        self,
        next: Self,
    ) -> ::core::result::Result<Self, ::einstellung::ConfigError> {
        ::core::result::Result::Ok(Self {
            size_mb: next.size_mb.or(self.size_mb),
        })
    }
    fn build(
        self,
    ) -> ::core::result::Result<Self::Complete, ::einstellung::ConfigError> {
        let size_mb = self.size_mb.unwrap_or(1024);
        ::core::result::Result::Ok(CacheConfig { size_mb })
    }
}
#[automatically_derived]
impl ::einstellung::Config for CacheConfig {
    type Partial = CacheConfigPartial;
}
