---
source: einstellung_derive/src/test.rs
expression: formatted
---
/// --- input ---
#[derive(Config)]
struct ClientConfig {
    name: String,
    timeout_ms: Option<u32>,
    proxy: Option<String>,
}

/// --- output ---
#[derive(::core::default::Default, ::einstellung::serde::Deserialize)]
#[serde(crate = "::einstellung::serde")]
struct ClientConfigPartial {
    name: ::core::option::Option<String>,
    timeout_ms: ::core::option::Option<u32>,
    proxy: ::core::option::Option<String>,
}
#[automatically_derived]
impl ::einstellung::PartialConfig for ClientConfigPartial {
    type Complete = ClientConfig;
    fn merge(
        self,
        next: Self,
    ) -> ::core::result::Result<Self, ::einstellung::ConfigError> {
        ::core::result::Result::Ok(Self {
            name: next.name.or(self.name),
            timeout_ms: next.timeout_ms.or(self.timeout_ms),
            proxy: next.proxy.or(self.proxy),
        })
    }
    fn build(
        self,
    ) -> ::core::result::Result<Self::Complete, ::einstellung::ConfigError> {
        ::core::result::Result::Ok(ClientConfig {
            name: self
                .name
                .ok_or(
                    ::einstellung::ConfigError::MissingField(
                        ::einstellung::FieldPath::new("ClientConfig", "name"),
                    ),
                )?,
            timeout_ms: self.timeout_ms,
            proxy: self.proxy,
        })
    }
}
#[automatically_derived]
impl ::einstellung::Config for ClientConfig {
    type Partial = ClientConfigPartial;
}
