---
source: einstellung_derive/src/test.rs
expression: formatted
---
/// --- helper ---
pub fn provide_default_port(_env: &str) -> u16 {
    8080
}

// ---------------------------------

/// --- input ---
#[derive(Config)]
struct ServerConfig {
    #[config(default = provide_default_port())]
    port: u16,
}

/// --- output ---
#[derive(::core::default::Default, ::einstellung::serde::Deserialize)]
#[serde(crate = "::einstellung::serde")]
struct ServerConfigPartial {
    port: ::core::option::Option<u16>,
}
#[automatically_derived]
impl ::einstellung::PartialConfig for ServerConfigPartial {
    type Complete = ServerConfig;
    fn merge(
        self,
        next: Self,
    ) -> ::core::result::Result<Self, ::einstellung::ConfigError> {
        ::core::result::Result::Ok(Self {
            port: next.port.or(self.port),
        })
    }
    fn build(
        self,
    ) -> ::core::result::Result<Self::Complete, ::einstellung::ConfigError> {
        let port = self.port.unwrap_or_else(provide_default_port);
        ::core::result::Result::Ok(ServerConfig { port })
    }
}
#[automatically_derived]
impl ::einstellung::Config for ServerConfig {
    type Partial = ServerConfigPartial;
}
