---
source: src/tests.rs
expression: formatted
---
#[config(validate = "Self::validate")]
struct ValidateConfig {
    port: u16,
}
impl einstellung::Config for ValidateConfig {
    fn metadata() -> &'static einstellung::ConfigMetadata {}
    fn load(
        source: &dyn einstellung::ConfigSource,
    ) -> Result<Self, einstellung::ConfigError> {}
}
