---
source: einstellung_derive/src/test.rs
expression: formatted
---
/// --- input ---
#[derive(Config)]
struct ServerConfig {
    #[config(merge = "extend")]
    port: u16,
}

/// --- output ---
#[derive(::core::default::Default, ::einstellung::serde::Deserialize)]
#[serde(crate = "::einstellung::serde")]
struct ServerConfigPartial {
    port: ::core::option::Option<u16>,
}
#[automatically_derived]
impl ::einstellung::PartialConfig for ServerConfigPartial {
    type Complete = ServerConfig;
    fn merge(
        self,
        next: Self,
    ) -> ::core::result::Result<Self, ::einstellung::ConfigError> {
        ::core::result::Result::Ok(Self {
            port: match (self.port, next.port) {
                (Some(mut a), Some(b)) => {
                    ::core::iter::Extend::extend(&mut a, b);
                    Some(a)
                }
                (a, b) => a.or(b),
            },
        })
    }
    fn build(
        self,
    ) -> ::core::result::Result<Self::Complete, ::einstellung::ConfigError> {
        let port = self
            .port
            .ok_or(
                ::einstellung::ConfigError::MissingField(
                    ::einstellung::FieldPath::new("ServerConfig", "port"),
                ),
            )?;
        ::core::result::Result::Ok(ServerConfig { port })
    }
}
#[automatically_derived]
impl ::einstellung::Config for ServerConfig {
    type Partial = ServerConfigPartial;
}
