---
source: einstellung_derive/src/test.rs
expression: formatted
---
/// --- input ---
#[derive(Config)]
struct Config4 {
    #[config(merge = "extend", default)]
    x: Option<::std::collections::HashSet<String>>,
}

/// --- output ---
::core::compile_error! {
    "#[config[default(..)] is meaningless on an `Option` type"
}
