---
source: einstellung_derive/src/test.rs
expression: formatted
---
/// --- input ---
#[derive(Config)]
struct Config {
    #[config(default = ||Vec::with_capacity(10))]
    x: Vec<u32>,
}

/// --- output ---
#[derive(::core::default::Default, ::einstellung::serde::Deserialize)]
#[serde(crate = "::einstellung::serde")]
struct ConfigPartial {
    x: ::core::option::Option<Vec<u32>>,
}
#[automatically_derived]
impl ::einstellung::PartialConfig for ConfigPartial {
    type Complete = Config;
    fn merge(
        self,
        next: Self,
    ) -> ::core::result::Result<Self, ::einstellung::ConfigError> {
        ::core::result::Result::Ok(Self { x: next.x.or(self.x) })
    }
    fn build(
        self,
    ) -> ::core::result::Result<Self::Complete, ::einstellung::ConfigError> {
        ::core::result::Result::Ok(Config {
            x: self.x.unwrap_or_else(|| Vec::with_capacity(10)),
        })
    }
}
#[automatically_derived]
impl ::einstellung::Config for Config {
    type Partial = ConfigPartial;
}
