---
source: einstellung_derive/src/test.rs
expression: formatted
---
/// --- input ---
#[derive(Config)]
struct AppConfig {
    app_name: String,
    #[config(subconfig)]
    database: DatabaseConfig,
    #[config(subconfig)]
    redis: RedisConfig,
}

/// --- output ---
///Partial configuration for the `AppConfig` type.
#[derive(::core::default::Default, ::einstellung::serde::Deserialize)]
#[serde(crate = "::einstellung::serde")]
struct AppConfigPartial {
    ///Partial value for the `app_name` configuration field.
    app_name: ::core::option::Option<String>,
    ///Partial value for the `database` configuration field.
    database: ::core::option::Option<<DatabaseConfig as ::einstellung::Config>::Partial>,
    ///Partial value for the `redis` configuration field.
    redis: ::core::option::Option<<RedisConfig as ::einstellung::Config>::Partial>,
}
#[automatically_derived]
impl ::einstellung::PartialConfig for AppConfigPartial {
    type Complete = AppConfig;
    fn merge(
        self,
        next: Self,
    ) -> ::core::result::Result<Self, ::einstellung::ConfigError> {
        ::core::result::Result::Ok(Self {
            app_name: next.app_name.or(self.app_name),
            database: match (self.database, next.database) {
                (Some(a), Some(b)) => {
                    Some(
                        ::einstellung::merge_with_context(a, b, "AppConfig", "database")?,
                    )
                }
                (a, b) => a.or(b),
            },
            redis: match (self.redis, next.redis) {
                (Some(a), Some(b)) => {
                    Some(::einstellung::merge_with_context(a, b, "AppConfig", "redis")?)
                }
                (a, b) => a.or(b),
            },
        })
    }
    fn build(
        self,
    ) -> ::core::result::Result<Self::Complete, ::einstellung::ConfigError> {
        ::core::result::Result::Ok(AppConfig {
            app_name: self
                .app_name
                .ok_or(
                    ::einstellung::ConfigError::MissingField(
                        ::einstellung::FieldPath::new("AppConfig", "app_name"),
                    ),
                )?,
            database: self
                .database
                .map(|x| ::einstellung::build_with_context(x, "AppConfig", "database"))
                .transpose()?
                .ok_or(
                    ::einstellung::ConfigError::MissingField(
                        ::einstellung::FieldPath::new("AppConfig", "database"),
                    ),
                )?,
            redis: self
                .redis
                .map(|x| ::einstellung::build_with_context(x, "AppConfig", "redis"))
                .transpose()?
                .ok_or(
                    ::einstellung::ConfigError::MissingField(
                        ::einstellung::FieldPath::new("AppConfig", "redis"),
                    ),
                )?,
        })
    }
    fn provided_fields(&self) -> ::std::vec::Vec<::std::string::String> {
        let mut fields = ::std::vec::Vec::new();
        if (&self.app_name).is_some() {
            fields.push(::std::string::String::from("app_name"));
        }
        if let ::core::option::Option::Some(value) = (&self.database).as_ref() {
            fields.push(::std::string::String::from("database"));
            for nested in ::einstellung::PartialConfig::provided_fields(value) {
                fields.push(::std::format!("{}.{}", "database", nested));
            }
        }
        if let ::core::option::Option::Some(value) = (&self.redis).as_ref() {
            fields.push(::std::string::String::from("redis"));
            for nested in ::einstellung::PartialConfig::provided_fields(value) {
                fields.push(::std::format!("{}.{}", "redis", nested));
            }
        }
        fields
    }
    fn defaulted_fields(&self) -> ::std::vec::Vec<::std::string::String> {
        let mut fields = ::std::vec::Vec::new();
        if let ::core::option::Option::Some(value) = (&self.database).as_ref() {
            for nested in ::einstellung::PartialConfig::defaulted_fields(value) {
                fields.push(::std::format!("{}.{}", "database", nested));
            }
        }
        if let ::core::option::Option::Some(value) = (&self.redis).as_ref() {
            for nested in ::einstellung::PartialConfig::defaulted_fields(value) {
                fields.push(::std::format!("{}.{}", "redis", nested));
            }
        }
        fields
    }
}
#[automatically_derived]
impl ::einstellung::Config for AppConfig {
    type Partial = AppConfigPartial;
}

// ---------------------------------

/// --- input ---
#[derive(Config)]
struct DatabaseConfig {
    url: String,
    pool_size: u32,
}

/// --- output ---
///Partial configuration for the `DatabaseConfig` type.
#[derive(::core::default::Default, ::einstellung::serde::Deserialize)]
#[serde(crate = "::einstellung::serde")]
struct DatabaseConfigPartial {
    ///Partial value for the `url` configuration field.
    url: ::core::option::Option<String>,
    ///Partial value for the `pool_size` configuration field.
    pool_size: ::core::option::Option<u32>,
}
#[automatically_derived]
impl ::einstellung::PartialConfig for DatabaseConfigPartial {
    type Complete = DatabaseConfig;
    fn merge(
        self,
        next: Self,
    ) -> ::core::result::Result<Self, ::einstellung::ConfigError> {
        ::core::result::Result::Ok(Self {
            url: next.url.or(self.url),
            pool_size: next.pool_size.or(self.pool_size),
        })
    }
    fn build(
        self,
    ) -> ::core::result::Result<Self::Complete, ::einstellung::ConfigError> {
        ::core::result::Result::Ok(DatabaseConfig {
            url: self
                .url
                .ok_or(
                    ::einstellung::ConfigError::MissingField(
                        ::einstellung::FieldPath::new("DatabaseConfig", "url"),
                    ),
                )?,
            pool_size: self
                .pool_size
                .ok_or(
                    ::einstellung::ConfigError::MissingField(
                        ::einstellung::FieldPath::new("DatabaseConfig", "pool_size"),
                    ),
                )?,
        })
    }
    fn provided_fields(&self) -> ::std::vec::Vec<::std::string::String> {
        let mut fields = ::std::vec::Vec::new();
        if (&self.url).is_some() {
            fields.push(::std::string::String::from("url"));
        }
        if (&self.pool_size).is_some() {
            fields.push(::std::string::String::from("pool_size"));
        }
        fields
    }
    fn defaulted_fields(&self) -> ::std::vec::Vec<::std::string::String> {
        let fields = ::std::vec::Vec::new();
        fields
    }
}
#[automatically_derived]
impl ::einstellung::Config for DatabaseConfig {
    type Partial = DatabaseConfigPartial;
}

// ---------------------------------

/// --- input ---
#[derive(Config)]
struct RedisConfig {
    cluster_mode: bool,
}

/// --- output ---
///Partial configuration for the `RedisConfig` type.
#[derive(::core::default::Default, ::einstellung::serde::Deserialize)]
#[serde(crate = "::einstellung::serde")]
struct RedisConfigPartial {
    ///Partial value for the `cluster_mode` configuration field.
    cluster_mode: ::core::option::Option<bool>,
}
#[automatically_derived]
impl ::einstellung::PartialConfig for RedisConfigPartial {
    type Complete = RedisConfig;
    fn merge(
        self,
        next: Self,
    ) -> ::core::result::Result<Self, ::einstellung::ConfigError> {
        ::core::result::Result::Ok(Self {
            cluster_mode: next.cluster_mode.or(self.cluster_mode),
        })
    }
    fn build(
        self,
    ) -> ::core::result::Result<Self::Complete, ::einstellung::ConfigError> {
        ::core::result::Result::Ok(RedisConfig {
            cluster_mode: self
                .cluster_mode
                .ok_or(
                    ::einstellung::ConfigError::MissingField(
                        ::einstellung::FieldPath::new("RedisConfig", "cluster_mode"),
                    ),
                )?,
        })
    }
    fn provided_fields(&self) -> ::std::vec::Vec<::std::string::String> {
        let mut fields = ::std::vec::Vec::new();
        if (&self.cluster_mode).is_some() {
            fields.push(::std::string::String::from("cluster_mode"));
        }
        fields
    }
    fn defaulted_fields(&self) -> ::std::vec::Vec<::std::string::String> {
        let fields = ::std::vec::Vec::new();
        fields
    }
}
#[automatically_derived]
impl ::einstellung::Config for RedisConfig {
    type Partial = RedisConfigPartial;
}
