---
source: einstellung_derive/src/test.rs
expression: formatted
---
/// --- input ---
#[derive(Config)]
struct ServerConfig {
    #[config(default = "8080")]
    port: u16,
}

/// --- output ---
#[derive(::core::default::Default, ::einstellung::serde::Deserialize)]
#[serde(crate = "::einstellung::serde")]
struct ServerConfigPartial {
    port: ::core::option::Option<u16>,
}
#[automatically_derived]
impl ::einstellung::PartialConfig for ServerConfigPartial {
    type Complete = ServerConfig;
    fn merge(
        self,
        next: Self,
    ) -> ::core::result::Result<Self, ::einstellung::ConfigError> {
        ::core::result::Result::Ok(Self {
            port: next.port.or(self.port),
        })
    }
    fn build(
        self,
    ) -> ::core::result::Result<Self::Complete, ::einstellung::ConfigError> {
        ::core::result::Result::Ok(ServerConfig {
            port: self.port.unwrap_or("8080"),
        })
    }
}
#[automatically_derived]
impl ::einstellung::Config for ServerConfig {
    type Partial = ServerConfigPartial;
}
