---
source: einstellung_derive/src/test.rs
expression: formatted
---
/// --- input ---
#[derive(Config)]
struct ServerConfig {
    #[config(merge = "function(123 invalid path)")]
    host: String,
}

/// --- output ---
::core::compile_error! {
    "Unknown value: `function(123 invalid path)`. Did you mean `function`?"
}
