---
source: einstellung_derive/src/test.rs
expression: formatted
---
/// --- input ---
#[derive(Config)]
struct Config {
    #[config(default = 10)]
    x: u32,
}

/// --- output ---
#[derive(::core::default::Default, ::einstellung::serde::Deserialize)]
#[serde(crate = "::einstellung::serde")]
struct ConfigPartial {
    x: Option<u32>,
}
impl ::einstellung::PartialConfig for ConfigPartial {
    type Complete = Config;
    fn merge(
        self,
        next: Self,
    ) -> ::core::result::Result<Self, ::einstellung::ConfigError> {
        ::core::result::Result::Ok(Self { x: next.x.or(self.x) })
    }
    fn build(
        self,
    ) -> ::core::result::Result<Self::Complete, ::einstellung::ConfigError> {
        let x = self.x.unwrap_or(10);
        ::core::result::Result::Ok(Config { x })
    }
}
impl ::einstellung::Config for Config {
    type Partial = ConfigPartial;
}
