---
source: einstellung_derive/src/test.rs
expression: formatted
---
/// --- helper ---
pub fn merge_hosts(
    _: Option<u16>,
    b: Option<u16>,
) -> Result<Option<u16>, Box<dyn core::error::Error>> {
    Ok(b)
}

// ---------------------------------

/// --- input ---
#[derive(Config)]
struct ServerConfig {
    #[config(merge(function = "merge_hosts"))]
    host: String,
}

/// --- output ---
#[derive(::core::default::Default, ::einstellung::serde::Deserialize)]
#[serde(crate = "::einstellung::serde")]
struct ServerConfigPartial {
    host: ::core::option::Option<String>,
}
#[automatically_derived]
impl ::einstellung::PartialConfig for ServerConfigPartial {
    type Complete = ServerConfig;
    fn merge(
        self,
        next: Self,
    ) -> ::core::result::Result<Self, ::einstellung::ConfigError> {
        ::core::result::Result::Ok(Self {
            host: {
                let _: ::einstellung::MergeFunction<::core::option::Option<String>, _> = merge_hosts;
                merge_hosts(self.host, next.host)
                    .map_err(|reason| ::einstellung::ConfigError::CustomMerge {
                        field: ::einstellung::FieldPath::new("ServerConfig", "host"),
                        reason,
                    })
            },
        })
    }
    fn build(
        self,
    ) -> ::core::result::Result<Self::Complete, ::einstellung::ConfigError> {
        ::core::result::Result::Ok(ServerConfig {
            host: self
                .host
                .ok_or(
                    ::einstellung::ConfigError::MissingField(
                        ::einstellung::FieldPath::new("ServerConfig", "host"),
                    ),
                )?,
        })
    }
}
#[automatically_derived]
impl ::einstellung::Config for ServerConfig {
    type Partial = ServerConfigPartial;
}
