---
source: einstellung_derive/src/test.rs
expression: formatted
---
/// --- input ---
#[derive(Config)]
struct TelemetryConfig {
    enabled: bool,
    #[config(subconfig)]
    datadog: Option<DatadogConfig>,
}

/// --- output ---
#[derive(::core::default::Default, ::einstellung::serde::Deserialize)]
#[serde(crate = "::einstellung::serde")]
struct TelemetryConfigPartial {
    enabled: ::core::option::Option<bool>,
    datadog: ::core::option::Option<<DatadogConfig as ::einstellung::Config>::Partial>,
}
#[automatically_derived]
impl ::einstellung::PartialConfig for TelemetryConfigPartial {
    type Complete = TelemetryConfig;
    fn merge(
        self,
        next: Self,
    ) -> ::core::result::Result<Self, ::einstellung::ConfigError> {
        ::core::result::Result::Ok(Self {
            enabled: next.enabled.or(self.enabled),
            datadog: match (self.datadog, next.datadog) {
                (Some(a), Some(b)) => {
                    Some(
                        ::einstellung::merge_with_context(
                            a,
                            b,
                            "TelemetryConfig",
                            "datadog",
                        )?,
                    )
                }
                (a, b) => a.or(b),
            },
        })
    }
    fn build(
        self,
    ) -> ::core::result::Result<Self::Complete, ::einstellung::ConfigError> {
        ::core::result::Result::Ok(TelemetryConfig {
            enabled: self
                .enabled
                .ok_or(
                    ::einstellung::ConfigError::MissingField(
                        ::einstellung::FieldPath::new("TelemetryConfig", "enabled"),
                    ),
                )?,
            datadog: self
                .datadog
                .map(|x| ::einstellung::build_with_context(
                    x,
                    "TelemetryConfig",
                    "datadog",
                ))
                .transpose()?,
        })
    }
    fn provided_fields(&self) -> ::std::vec::Vec<::std::string::String> {
        let mut fields = ::std::vec::Vec::new();
        if (&self.enabled).is_some() {
            fields.push(::std::string::String::from("enabled"));
        }
        if let ::core::option::Option::Some(value) = (&self.datadog).as_ref() {
            for nested in ::einstellung::PartialConfig::provided_fields(value) {
                fields.push(::std::format!("{}.{}", "datadog", nested));
            }
        }
        fields
    }
    fn defaulted_fields(&self) -> ::std::vec::Vec<::std::string::String> {
        let mut fields = ::std::vec::Vec::new();
        if let ::core::option::Option::Some(value) = (&self.datadog).as_ref() {
            for nested in ::einstellung::PartialConfig::defaulted_fields(value) {
                fields.push(::std::format!("{}.{}", "datadog", nested));
            }
        }
        fields
    }
}
#[automatically_derived]
impl ::einstellung::Config for TelemetryConfig {
    type Partial = TelemetryConfigPartial;
}

// ---------------------------------

/// --- input ---
#[derive(Config)]
struct DatadogConfig {
    api_key: String,
}

/// --- output ---
#[derive(::core::default::Default, ::einstellung::serde::Deserialize)]
#[serde(crate = "::einstellung::serde")]
struct DatadogConfigPartial {
    api_key: ::core::option::Option<String>,
}
#[automatically_derived]
impl ::einstellung::PartialConfig for DatadogConfigPartial {
    type Complete = DatadogConfig;
    fn merge(
        self,
        next: Self,
    ) -> ::core::result::Result<Self, ::einstellung::ConfigError> {
        ::core::result::Result::Ok(Self {
            api_key: next.api_key.or(self.api_key),
        })
    }
    fn build(
        self,
    ) -> ::core::result::Result<Self::Complete, ::einstellung::ConfigError> {
        ::core::result::Result::Ok(DatadogConfig {
            api_key: self
                .api_key
                .ok_or(
                    ::einstellung::ConfigError::MissingField(
                        ::einstellung::FieldPath::new("DatadogConfig", "api_key"),
                    ),
                )?,
        })
    }
    fn provided_fields(&self) -> ::std::vec::Vec<::std::string::String> {
        let mut fields = ::std::vec::Vec::new();
        if (&self.api_key).is_some() {
            fields.push(::std::string::String::from("api_key"));
        }
        fields
    }
    fn defaulted_fields(&self) -> ::std::vec::Vec<::std::string::String> {
        let fields = ::std::vec::Vec::new();
        fields
    }
}
#[automatically_derived]
impl ::einstellung::Config for DatadogConfig {
    type Partial = DatadogConfigPartial;
}
